// Vitest Snapshot v1

exports[`<PostCard /> > should match snapshot 1`] = `
.c3 {
  color: #000000;
  line-height: 1.2;
  font-size: 2.4rem;
  text-transform: none;
}

.c0 .c2 {
  margin: 0;
  margin-top: calc(1.6rem - 0.6rem);
  margin-bottom: 1.6rem;
}

.c0 a {
  -webkit-text-decoration: none;
  text-decoration: none;
  color: inherit;
  -webkit-transition: all 300ms ease-in-out;
  transition: all 300ms ease-in-out;
}

.c0:hover a {
  color: #dc143c;
}

.c0:hover img {
  opacity: 0.8;
}

.c1 {
  max-width: 100%;
  -webkit-transition: opacity 300ms ease-in-out;
  transition: opacity 300ms ease-in-out;
}

<div>
  <div
    class="c0"
  >
    <a
      href="/post/previsao-de-preco-de-acoes-na-b3"
    >
      <img
        alt="Previsão de Preço de Ações na B3"
        class="c1"
        src="https://res.cloudinary.com/dfdc4nxzz/image/upload/v1696185433/bolsa_valores_4ebb701700.png"
      />
    </a>
    <h2
      class="c2 c3"
    >
      <a
        href="/post/previsao-de-preco-de-acoes-na-b3"
      >
        Previsão de Preço de Ações na B3
      </a>
    </h2>
    <p
      class=""
    >
      O trabalho abaixo faz uso de Machine Learn para prever o preço de fechamento de ações na Bolsa de Valores Brasileira
    </p>
  </div>
</div>
`;
