// Vitest Snapshot v1

exports[`<PostGrid /> > should match snapshot 1`] = `
.c5 {
  color: #000000;
  line-height: 1.2;
  font-size: 2.4rem;
  text-transform: none;
}

.c2 .c4 {
  margin: 0;
  margin-top: calc(1.6rem - 0.6rem);
  margin-bottom: 1.6rem;
}

.c2 a {
  -webkit-text-decoration: none;
  text-decoration: none;
  color: inherit;
  -webkit-transition: all 300ms ease-in-out;
  transition: all 300ms ease-in-out;
}

.c2:hover a {
  color: #dc143c;
}

.c2:hover img {
  opacity: 0.8;
}

.c3 {
  max-width: 100%;
  -webkit-transition: opacity 300ms ease-in-out;
  transition: opacity 300ms ease-in-out;
}

.c0 {
  width: 100%;
}

.c1 {
  max-width: 120rem;
  margin: 0 auto;
  display: grid;
  grid-template-columns: repeat(auto-fill,minmax(28rem,1fr));
  gap: 3.2rem;
  padding: 3.2rem;
}

@media (max-width:360px) {
  .c1 {
    grid-template-columns: 1fr;
  }
}

<div>
  <div
    class="c0"
  >
    <div
      class="c1"
    >
      <div
        class="c2"
      >
        <a
          href="/post/previsao-de-preco-de-acoes-na-b3"
        >
          <img
            alt="Previsão de Preço de Ações na B3"
            class="c3"
            src="https://res.cloudinary.com/dfdc4nxzz/image/upload/v1696185433/bolsa_valores_4ebb701700.png"
          />
        </a>
        <h2
          class="c4 c5"
        >
          <a
            href="/post/previsao-de-preco-de-acoes-na-b3"
          >
            Previsão de Preço de Ações na B3
          </a>
        </h2>
        <p
          class=""
        >
          O trabalho abaixo faz uso de Machine Learn para prever o preço de fechamento de ações na Bolsa de Valores Brasileira
        </p>
      </div>
      <div
        class="c2"
      >
        <a
          href="/post/aprendizados-react-e-next-js"
        >
          <img
            alt="Aprendizados React e Next.js"
            class="c3"
            src="https://res.cloudinary.com/dfdc4nxzz/image/upload/v1696185897/React_icon_svg_d7b4ef4ea4.png"
          />
        </a>
        <h2
          class="c4 c5"
        >
          <a
            href="/post/aprendizados-react-e-next-js"
          >
            Aprendizados React e Next.js
          </a>
        </h2>
        <p
          class=""
        >
          Aprendizados no Curso de React pelo programa da Elife Jovens Talentos
        </p>
      </div>
    </div>
  </div>
</div>
`;
