// Vitest Snapshot v1

exports[`<Post /> > should render header, excerpt, cover, metadata and post 1`] = `
.c6 {
  font-size: 1.6rem;
  color: #AAAAAA;
  font-style: italic;
}

.c6 .categories span::after {
  content: ', ';
}

.c6 .categories span:last-child::after {
  content: '';
}

.c6 a {
  color: #dc143c;
  -webkit-text-decoration: none;
  text-decoration: none;
  -webkit-transition: all 300ms ease-in-out;
  transition: all 300ms ease-in-out;
}

.c6 a:hover {
  -webkit-filter: brightness(50%);
  filter: brightness(50%);
}

.c3 {
  color: #000000;
  line-height: 1.2;
  font-size: 6.4rem;
  text-transform: none;
}

.c1 {
  padding-bottom: 4.0rem;
  margin-bottom: 4.0rem;
  border-bottom: 0.1rem solid #DDDDDD;
}

.c1 .c2 {
  margin: 0;
  margin-bottom: 2.4rem;
}

.c4 {
  margin: 2.4rem 0;
  font-size: 2.4rem;
}

.c5 {
  max-width: 100%;
  display: block;
  margin-bottom: 2.4rem;
}

.c8 {
  font-size: calc(1.6rem + 0.2rem);
  line-height: 1.5;
}

.c8 p {
  margin: 2.4rem 0;
}

.c8 a,
.c8 a:visited,
.c8 a:link {
  color: #dc143c;
  -webkit-text-decoration: none;
  text-decoration: none;
  -webkit-transition: all 300ms ease-in-out;
  transition: all 300ms ease-in-out;
}

.c8 a:hover {
  -webkit-filter: brightness(50%);
  filter: brightness(50%);
}

.c8 code {
  font-family: monospace;
  color: #dc143c;
  font-size: 1.6rem;
  background: #DDDDDD;
  padding: 0.2rem;
  margin: 0.2rem;
}

.c8 pre {
  background: #000000;
  padding: 2.4rem;
  font-family: monospace;
  color: #FFFFFF;
  margin: 2.4rem 0;
  width: 100%;
  overflow-x: auto;
  font-size: 1.6rem;
}

.c8 pre code {
  color: inherit;
  background: inherit;
}

.c8 img {
  max-width: 100%;
}

.c8 .image {
  background: #DDDDDD;
  line-height: 0;
  margin: 2.4rem 0;
}

.c8 .image figcaption {
  font-size: 1.6rem;
  padding: 1.6rem;
  text-align: center;
  line-height: 1.3;
}

.c8 .image-style-side {
  max-width: 50%;
  float: right;
  margin: 2.4rem 0;
}

.c8 hr {
  border: none;
  border-bottom: 0.1rem solid #DDDDDD;
}

.c8 ul,
.c8 ol {
  margin: 2.4rem;
}

.c8 .table {
  width: 100%;
  overflow: hidden;
  overflow-x: auto;
}

.c8 table {
  width: 100%;
  border-collapse: collapse;
  margin: 2.4rem 0;
}

.c8 table td,
.c8 table th {
  padding: 1.6rem;
  border: 0.1rem solid #DDDDDD;
}

.c8 blockquote {
  border-left: 0.5rem solid #dc143c;
  color: #AAAAAA;
  -webkit-filter: brightness(80%);
  filter: brightness(80%);
  padding-left: 2.4rem;
  font-style: italic;
  margin: 2.4rem;
}

.c0 {
  width: 100%;
  margin: 0 auto;
  padding: 0 3.2rem;
  max-width: 96rem;
}

.c7 {
  width: 100%;
  margin: 0 auto;
  padding: 0 3.2rem;
  max-width: 80rem;
}

@media (max-width:768px) {
  .c3 {
    font-size: 4.0rem;
  }
}

@media (max-width:768px) {
  .c8 {
    font-size: 2rem;
  }

  .c8 .image-style-side {
    max-width: 100%;
    float: none;
    margin: 0;
  }
}

@media (max-width:768px) {
  .c0 {
    padding: 0 calc(3.2rem / 2);
  }
}

@media (max-width:768px) {
  .c7 {
    padding: 0 calc(3.2rem / 2);
  }
}

<div>
  <article
    class=""
  >
    <div
      class="c0"
    >
      <header
        class="c1"
      >
        <h1
          class="c2 c3"
        >
          Previsão de Preço de Ações na B3
        </h1>
        <p
          class="c4"
        >
          O trabalho abaixo faz uso de Machine Learn para prever o preço de fechamento de ações na Bolsa de Valores Brasileira
        </p>
        <img
          alt="Previsão de Preço de Ações na B3"
          class="c5"
          src="https://res.cloudinary.com/dfdc4nxzz/image/upload/v1696185433/bolsa_valores_4ebb701700.png"
        />
        <div
          class="c6"
        >
          <p>
            <span>
              Por 
            </span>
            <a
              href="/author/itamar-bernardo"
            >
              Itamar Bernardo
            </a>
            <span
              class="separator"
            >
               | 
            </span>
            <time
              datetime="2020-04-20"
            >
              19 de abr. de 2020
            </time>
            <span
              class="separator"
            >
               | 
            </span>
            <span
              class="categories"
            >
              <span>
                <a
                  href="/category/python"
                >
                  Python
                </a>
              </span>
              <span>
                <a
                  href="/category/react"
                >
                  React
                </a>
              </span>
            </span>
          </p>
        </div>
      </header>
    </div>
    <div
      class="c7"
    >
      <p
        class="c8"
      >
        O trabalho abaixo faz uso de Machine Learn para prever o preço de fechamento de ações na Bolsa de Valores Brasileira. O trabalho abaixo faz uso de Machine Learn para prever o preço de fechamento de ações na Bolsa de Valores Brasileira. O trabalho abaixo faz uso de Machine Learn para prever o preço de fechamento de ações na Bolsa de Valores Brasileira. O trabalho abaixo faz uso de Machine Learn para prever o preço de fechamento de ações na Bolsa de Valores Brasileira. 

![bolsa valores.png](https://res.cloudinary.com/dfdc4nxzz/image/upload/v1696185433/bolsa_valores_4ebb701700.png)

O trabalho abaixo faz uso de Machine Learn para prever o preço de fechamento de ações na Bolsa de Valores Brasileira.O trabalho abaixo faz uso de Machine Learn para prever o preço de fechamento de ações na Bolsa de Valores Brasileira O trabalho abaixo faz uso de Machine Learn para prever o preço de fechamento de ações na Bolsa de Valores BrasileiraO trabalho abaixo faz uso de Machine Learn para prever o preço de fechamento de ações na Bolsa de Valores BrasileiraO trabalho abaixo faz uso de Machine Learn para prever o preço de fechamento de ações na Bolsa de Valores BrasileiraO trabalho abaixo faz uso de Machine Learn para prever o preço de fechamento de ações na Bolsa de Valores BrasileiraO trabalho abaixo faz uso de Machine Learn para prever o preço de fechamento de ações na Bolsa de Valores BrasileiraO trabalho abaixo faz uso de Machine Learn para prever o preço de fechamento de ações na Bolsa de Valores Brasileira


\`\`\`
{
  "name": "strapi-blog",
  "private": true,
  "version": "0.1.0",
  "description": "A Strapi application",
  "scripts": {
    "develop": "strapi develop",
    "start": "strapi start",
    "build": "strapi build",
    "strapi": "strapi",
    "postinstall": "cd plugins/wysiwyg && npm i"
  }
\`\`\`
      </p>
    </div>
  </article>
</div>
`;
