// Vitest Snapshot v1

exports[`<ArticleHeader /> > should render heading, excerpt, cover img and meta 1`] = `
.c5 {
  font-size: 1.6rem;
  color: #AAAAAA;
  font-style: italic;
}

.c5 .categories span::after {
  content: ', ';
}

.c5 .categories span:last-child::after {
  content: '';
}

.c5 a {
  color: #dc143c;
  -webkit-text-decoration: none;
  text-decoration: none;
  -webkit-transition: all 300ms ease-in-out;
  transition: all 300ms ease-in-out;
}

.c5 a:hover {
  -webkit-filter: brightness(50%);
  filter: brightness(50%);
}

.c2 {
  color: #000000;
  line-height: 1.2;
  font-size: 6.4rem;
  text-transform: none;
}

.c0 {
  padding-bottom: 4.0rem;
  margin-bottom: 4.0rem;
  border-bottom: 0.1rem solid #DDDDDD;
}

.c0 .c1 {
  margin: 0;
  margin-bottom: 2.4rem;
}

.c3 {
  margin: 2.4rem 0;
  font-size: 2.4rem;
}

.c4 {
  max-width: 100%;
  display: block;
  margin-bottom: 2.4rem;
}

@media (max-width:768px) {
  .c2 {
    font-size: 4.0rem;
  }
}

<div>
  <header
    class="c0"
  >
    <h1
      class="c1 c2"
    >
      Previsão de Preço de Ações na B3
    </h1>
    <p
      class="c3"
    >
      O trabalho abaixo faz uso de Machine Learn para prever o preço de fechamento de ações na Bolsa de Valores Brasileira
    </p>
    <img
      alt="Previsão de Preço de Ações na B3"
      class="c4"
      src="https://res.cloudinary.com/dfdc4nxzz/image/upload/v1696185433/bolsa_valores_4ebb701700.png"
    />
    <div
      class="c5"
    >
      <p>
        <span>
          Por 
        </span>
        <a
          href="/author/itamar-bernardo"
        >
          Itamar Bernardo
        </a>
        <span
          class="separator"
        >
           | 
        </span>
        <time
          datetime="2020-04-20"
        >
          19 de abr. de 2020
        </time>
        <span
          class="separator"
        >
           | 
        </span>
        <span
          class="categories"
        >
          <span>
            <a
              href="/category/python"
            >
              Python
            </a>
          </span>
          <span>
            <a
              href="/category/react"
            >
              React
            </a>
          </span>
        </span>
      </p>
    </div>
  </header>
</div>
`;
